// Vitest Snapshot v1, https://vitest.dev/guide/snapshot.html

exports[`TagsSchema > extracting values 1`] = `
{
  "_id": "Option",
  "_tag": "Some",
  "value": {
    "_tag": "badge-info",
    "value": "",
  },
}
`;

exports[`TagsSchema > failing 1`] = `
{
  "_id": "Option",
  "_tag": "None",
}
`;

exports[`TagsSchema > parses values 1`] = `
[
  {
    "_tag": "badge-info",
    "value": "",
  },
  {
    "_tag": "badges",
    "value": "broadcaster/1",
  },
  {
    "_tag": "client-nonce",
    "value": "28e05b1c83f1e916ca1710c44b014515",
  },
  {
    "_tag": "color",
    "value": "#0000FF",
  },
  {
    "_tag": "display-name",
    "value": "foofoo",
  },
  {
    "_tag": "emotes",
    "value": "62835:0-10",
  },
  {
    "_tag": "first-msg",
    "value": "0",
  },
  {
    "_tag": "flags",
    "value": "",
  },
  {
    "_tag": "id",
    "value": "f80a19d6-e35a-4273-82d0-cd87f614e767",
  },
  {
    "_tag": "mod",
    "value": "0",
  },
  {
    "_tag": "room-id",
    "value": "713936733",
  },
  {
    "_tag": "subscriber",
    "value": "0",
  },
  {
    "_tag": "tmi-sent-ts",
    "value": "1642696567751",
  },
  {
    "_tag": "turbo",
    "value": "0",
  },
  {
    "_tag": "user-id",
    "value": "713936733",
  },
  {
    "_tag": "user-type",
    "value": "",
  },
]
`;
